2025-11-01 13:39:36,960 - pyswarms.single.global_best - INFO - Optimize for 100 iters with {'c1': 0.5, 'c2': 0.3, 'w': 0.9}
2025-11-01 13:39:37,119 - pyswarms.single.global_best - INFO - Optimization finished | best cost: 67.21086836723774, best pos: [0.60036467 0.29707605 0.30969388 0.64386113 0.6694031  0.67359138
 0.81915569 0.21166305 0.14314014 0.32245272 0.41895143 0.80931025
 0.8716142  0.59464996 0.26891245 0.47402279 0.59441104 0.5872505
 0.47524811 0.5981921  0.39629094 0.42584323 0.54815687 0.39962466
 0.05261229 0.80454243 0.14115268 0.63897231 0.39922954 0.44377748
 0.40794743 0.54081505 0.50737116 0.16398346 0.36211995 0.9544182
 0.86767547 0.66100901 0.22455877 0.95755199 0.81693444 0.79382769
 0.64631498 0.58206138 0.52897234]
2025-11-01 13:40:27,764 - pyswarms.single.global_best - INFO - Optimize for 100 iters with {'c1': 0.5, 'c2': 0.3, 'w': 0.9}
2025-11-01 13:40:27,891 - pyswarms.single.global_best - INFO - Optimization finished | best cost: 68.26033801779944, best pos: [0.41423713 0.44590593 0.39360933 0.43001041 0.36652225 0.47140588
 0.1637921  0.09997794 0.69080765 0.4448554  0.43524261 0.30505302
 0.52065527 0.543576   0.38495836 0.25059948 0.67211393 0.22458502
 0.25198118 0.57794191 0.73942774 0.47679823 0.41876623 0.603061
 0.03432019 0.56636842 0.33826506 0.35864341 0.46455281 0.49517768
 0.92161655 0.48074464 0.51283837 0.50919957 0.44085549 0.50047855
 0.30925101 0.54130659 0.47396023 0.54544786 0.34856723 0.20002632
 0.82685992 0.13915767 0.11472751]
2025-11-04 01:13:23,937 - pyswarms.single.global_best - INFO - Optimize for 100 iters with {'c1': 0.5, 'c2': 0.3, 'w': 0.9}
2025-11-04 01:13:24,331 - pyswarms.single.global_best - INFO - Optimization finished | best cost: 65.51303216417375, best pos: [0.28681517 0.24167013 0.38831424 0.11331784 0.40201137 0.64135456
 0.70974212 0.8549524  0.57253455 0.42285198 0.39403126 0.47457969
 0.26009364 0.52886438 0.55253474 0.0581049  0.26803965 0.77019237
 0.6430636  0.26831119 0.48017561 0.43184805 0.59827416 0.39736534
 0.71905477 0.07174737 0.15182552 0.56590954 0.29110294 0.46256426
 0.51213942 0.52056174 0.47312948 0.07932902 0.86327264 0.20592249
 0.64962203 0.60695469 0.62090135 0.64836879 0.36442477 0.89117522
 0.50141336 0.53089717 0.52659799]
2025-11-04 01:13:51,771 - pyswarms.single.global_best - INFO - Optimize for 100 iters with {'c1': 0.5, 'c2': 0.3, 'w': 0.9}
2025-11-04 01:13:52,216 - pyswarms.single.global_best - INFO - Optimization finished | best cost: 72.42656362804526, best pos: [0.29490277 0.71900188 0.45926118 0.36931786 0.44864925 0.41330021
 0.08296    0.92058781 0.30656477 0.51764348 0.52370017 0.42111071
 0.39633714 0.37095845 0.42950196 0.26935313 0.16957122 0.97867099
 0.58496824 0.48432615 0.60375648 0.26990068 0.22756447 0.74347185
 0.48116871 0.77073936 0.7932581  0.81869748 0.35011097 0.43523561
 0.7858658  0.46227873 0.50047549 0.7005856  0.49409107 0.10093596
 0.82872951 0.83785576 0.41455634 0.24956754 0.31192553 0.47661763
 0.77717632 0.15323107 0.32321547]
2025-11-04 01:14:27,942 - pyswarms.single.global_best - INFO - Optimize for 100 iters with {'c1': 0.5, 'c2': 0.3, 'w': 0.9}
2025-11-04 01:14:28,371 - pyswarms.single.global_best - INFO - Optimization finished | best cost: 75.52675183845966, best pos: [0.33698331 0.30137662 0.45161153 0.34684341 0.33979391 0.36055009
 0.22692673 0.25450208 0.79952488 0.37575162 0.84707075 0.94623784
 0.7627864  0.13647287 0.49246509 0.64619342 0.21885199 0.46767859
 0.64862514 0.57448516 0.50370764 0.9520745  0.43026773 0.63320724
 0.69515179 0.76564684 0.53700602 0.62654075 0.22395602 0.35580661
 0.61765194 0.60505049 0.4057566  0.98287122 0.23112449 0.40991525
 0.40077022 0.30739114 0.48855616 0.70276395 0.48509192 0.69857482
 0.15063723 0.75972188 0.03042326]
2025-11-04 01:16:03,562 - pyswarms.single.global_best - INFO - Optimize for 100 iters with {'c1': 0.5, 'c2': 0.3, 'w': 0.9}
2025-11-04 01:16:04,049 - pyswarms.single.global_best - INFO - Optimization finished | best cost: 75.21017058947899, best pos: [0.31617658 0.3572089  0.32823502 0.45652214 0.38094757 0.39670748
 0.87183243 0.13744124 0.05843501 0.55547285 0.5834616  0.6671821
 0.15661594 0.79545452 0.55445396 0.36018332 0.21890189 0.66463053
 0.34909767 0.36205914 0.47855883 0.63003628 0.40684105 0.43255743
 0.285504   0.84635634 0.45346259 0.67441754 0.79843015 0.18507186
 0.46242495 0.62576253 0.40793847 0.42461782 0.34433688 0.92094231
 0.39977746 0.70677114 0.48887282 0.70980363 0.69903698 0.30781987
 0.63807282 0.47262254 0.70389937]
2025-11-04 01:29:51,083 - pyswarms.single.global_best - INFO - Optimize for 100 iters with {'c1': 0.5, 'c2': 0.3, 'w': 0.9}
2025-11-04 01:29:51,488 - pyswarms.single.global_best - INFO - Optimization finished | best cost: 77.78035892729964, best pos: [0.41722741 0.78116299 0.63362294 0.26722047 0.35875188 0.59646472
 0.92179588 0.87143638 0.85032181 0.53562091 0.61317786 0.4919571
 0.37546153 0.79580069 0.52115197 0.03399122 0.29365855 0.65827637
 0.44540615 0.29519181 0.83257165 0.15251948 0.18141865 0.6134969
 0.36631836 0.42535803 0.74697738 0.65076518 0.71367155 0.48537898
 0.47370492 0.68626282 0.66981078 0.08058091 0.93154195 0.26061615
 0.57683079 0.43038013 0.4210712  0.44207102 0.45404115 0.47192296
 0.74206967 0.50273934 0.16738178]
